// Jest Snapshot v1, https://goo.gl/fbAQLP

exports[`VariablesApi deleteVariable() 1: Delete existing variable: esv-frodo-test-variable3 - success 1`] = `
{
  "_id": "esv-frodo-test-variable3",
  "description": "Frodo Test Variable Three Description",
  "expressionType": "string",
  "lastChangeDate": "2023-07-18T17:36:13.490Z",
  "lastChangedBy": "b672336b-41ef-428d-ae4a-e0c082875377",
  "loaded": false,
  "valueBase64": "RnJvZG8gVGVzdCBWYXJpYWJsZSBUaHJlZSBWYWx1ZQ==",
}
`;

exports[`VariablesApi deleteVariable() 2: Delete non-existing variable: esv-does-not-exist - error 1`] = `
{
  "code": 404,
  "message": "The variable does not exist",
}
`;

exports[`VariablesApi getVariable() 1: Get existing variable: esv-frodo-test-variable1 1`] = `
{
  "_id": "esv-frodo-test-variable1",
  "description": "Frodo Test Variable One Description",
  "expressionType": "string",
  "lastChangeDate": "2023-07-18T17:36:10.691Z",
  "lastChangedBy": "b672336b-41ef-428d-ae4a-e0c082875377",
  "loaded": false,
  "valueBase64": "RnJvZG8gVGVzdCBWYXJpYWJsZSBPbmUgVmFsdWU=",
}
`;

exports[`VariablesApi getVariable() 2: Get non-existing variable: esv-does-not-exist 1`] = `
{
  "code": 404,
  "message": "The variable does not exist",
}
`;

exports[`VariablesApi getVariables() 1: Get all variables - success 1`] = `
{
  "pagedResultsCookie": null,
  "remainingPagedResults": -1,
  "result": [
    {
      "_id": "esv-volkerstestvariable1",
      "description": "variable created for api testing",
      "expressionType": "",
      "lastChangeDate": "2022-11-30T00:13:52.478Z",
      "lastChangedBy": "10ecab02-f357-4522-bc17-dfcc64744064",
      "loaded": true,
      "valueBase64": "Zm9yIGplc3Q=",
    },
    {
      "_id": "esv-frodo-test-variable1",
      "description": "Frodo Test Variable One Description",
      "expressionType": "string",
      "lastChangeDate": "2023-07-18T17:36:10.691Z",
      "lastChangedBy": "b672336b-41ef-428d-ae4a-e0c082875377",
      "loaded": false,
      "valueBase64": "RnJvZG8gVGVzdCBWYXJpYWJsZSBPbmUgVmFsdWU=",
    },
    {
      "_id": "esv-test-var",
      "description": "this is a test description",
      "expressionType": "",
      "lastChangeDate": "2022-09-02T04:23:56.075Z",
      "lastChangedBy": "8efaa5b6-8c98-4489-9b21-ee41f5589ab7",
      "loaded": true,
      "valueBase64": "dGhpcyBpcyBhIHRlc3QgdmFyaWFibGU=",
    },
    {
      "_id": "esv-ipv4-cidr-access-rules",
      "description": "IPv4 CIDR access rules:
{
  "allow": [
    "address/mask"
  ]
}",
      "expressionType": "",
      "lastChangeDate": "2022-08-25T22:54:28.551Z",
      "lastChangedBy": "8efaa5b6-8c98-4489-9b21-ee41f5589ab7",
      "loaded": true,
      "valueBase64": "eyAgImFsbG93IjogWyAgICAiMTUwLjEyOC4wLjAvMTYiLCAgICAiMTM5LjM1LjAuMC8xNiIsICAgICIxMDEuMjE2LjAuMC8xNiIsICAgICI5OS43Mi4yOC4xODIvMzIiICBdfQ==",
    },
    {
      "_id": "esv-frodo-test-variable3",
      "description": "Frodo Test Variable Three Description",
      "expressionType": "string",
      "lastChangeDate": "2023-07-18T17:36:13.490Z",
      "lastChangedBy": "b672336b-41ef-428d-ae4a-e0c082875377",
      "loaded": false,
      "valueBase64": "RnJvZG8gVGVzdCBWYXJpYWJsZSBUaHJlZSBWYWx1ZQ==",
    },
    {
      "_id": "esv-frodo-test-variable2",
      "description": "Frodo Test Variable Two Description",
      "expressionType": "string",
      "lastChangeDate": "2023-07-18T17:36:12.146Z",
      "lastChangedBy": "b672336b-41ef-428d-ae4a-e0c082875377",
      "loaded": false,
      "valueBase64": "RnJvZG8gVGVzdCBWYXJpYWJsZSBUd28gVmFsdWU=",
    },
  ],
  "resultCount": 6,
  "totalPagedResults": -1,
  "totalPagedResultsPolicy": "NONE",
}
`;

exports[`VariablesApi putVariable() 1: Create new variable with default type (string): esv-frodo-test-variable4 - success 1`] = `
{
  "_id": "esv-frodo-test-variable4",
  "description": "Frodo Test Variable Four Description",
  "expressionType": "string",
  "lastChangeDate": "2023-07-18T17:36:19.287Z",
  "lastChangedBy": "b672336b-41ef-428d-ae4a-e0c082875377",
  "loaded": false,
  "valueBase64": "RnJvZG8gVGVzdCBWYXJpYWJsZSBGb3VyIFZhbHVl",
}
`;

exports[`VariablesApi putVariable() 2: Create new string variable (explicit type): esv-frodo-test-variable5 - success 1`] = `
{
  "_id": "esv-frodo-test-variable5",
  "description": "Frodo Test Variable Five (string) Description",
  "expressionType": "string",
  "lastChangeDate": "2023-07-18T17:36:20.223Z",
  "lastChangedBy": "b672336b-41ef-428d-ae4a-e0c082875377",
  "loaded": false,
  "valueBase64": "RnJvZG8gVGVzdCBWYXJpYWJsZSBGaXZlIFZhbHVl",
}
`;

exports[`VariablesApi putVariable() 3: Create new array variable: esv-frodo-test-variable6 - success 1`] = `
{
  "_id": "esv-frodo-test-variable6",
  "description": "Frodo Test Variable Six (array) Description",
  "expressionType": "array",
  "lastChangeDate": "2023-07-18T17:36:21.327Z",
  "lastChangedBy": "b672336b-41ef-428d-ae4a-e0c082875377",
  "loaded": false,
  "valueBase64": "WyJvbmUiLCJ0d28iLCJ0aHJlZSIsImZvdXIiLCJmaXZlIiw2LDcsOCw5LDEwXQ==",
}
`;

exports[`VariablesApi putVariable() 5: Create new bool variable: esv-frodo-test-variable8 - success 1`] = `
{
  "_id": "esv-frodo-test-variable8",
  "description": "Frodo Test Variable Eight (bool) Description",
  "expressionType": "bool",
  "lastChangeDate": "2023-07-18T17:36:22.400Z",
  "lastChangedBy": "b672336b-41ef-428d-ae4a-e0c082875377",
  "loaded": false,
  "valueBase64": "ZmFsc2U=",
}
`;

exports[`VariablesApi putVariable() 6: Create new int variable: esv-frodo-test-variable9 - success 1`] = `
{
  "_id": "esv-frodo-test-variable9",
  "description": "Frodo Test Variable Nine (int) Description",
  "expressionType": "int",
  "lastChangeDate": "2023-07-18T17:36:23.353Z",
  "lastChangedBy": "b672336b-41ef-428d-ae4a-e0c082875377",
  "loaded": false,
  "valueBase64": "MTIzNDU=",
}
`;

exports[`VariablesApi putVariable() 7: Create new keyvaluelist variable: esv-frodo-test-variable10 - success 1`] = `
{
  "_id": "esv-frodo-test-variable10",
  "description": "Frodo Test Variable Ten (keyvaluelist) Description",
  "expressionType": "keyvaluelist",
  "lastChangeDate": "2023-07-18T17:36:24.533Z",
  "lastChangedBy": "b672336b-41ef-428d-ae4a-e0c082875377",
  "loaded": false,
  "valueBase64": "eyJrMSI6InYxIiwiazIiOiJ2MiIsImszIjoidjMifQ==",
}
`;

exports[`VariablesApi putVariable() 8: Create new list variable: esv-frodo-test-variable11 - success 1`] = `
{
  "_id": "esv-frodo-test-variable11",
  "description": "Frodo Test Variable Eleven (list) Description",
  "expressionType": "list",
  "lastChangeDate": "2023-07-18T17:36:25.480Z",
  "lastChangedBy": "b672336b-41ef-428d-ae4a-e0c082875377",
  "loaded": false,
  "valueBase64": "b25lLHR3byx0aHJlZSxmb3VyLGZpdmUsNiw3LDgsOSwxMA==",
}
`;

exports[`VariablesApi putVariable() 9: Create new number variable: esv-frodo-test-variable12 - success 1`] = `
{
  "_id": "esv-frodo-test-variable12",
  "description": "Frodo Test Variable Twelve (number) Description",
  "expressionType": "number",
  "lastChangeDate": "2023-07-18T17:36:26.598Z",
  "lastChangedBy": "b672336b-41ef-428d-ae4a-e0c082875377",
  "loaded": false,
  "valueBase64": "MTIzLjQ1",
}
`;

exports[`VariablesApi putVariable() 10: Create new object variable: esv-frodo-test-variable13 - success 1`] = `
{
  "_id": "esv-frodo-test-variable13",
  "description": "Frodo Test Variable Thirteen (object) Description",
  "expressionType": "object",
  "lastChangeDate": "2023-07-18T17:36:27.554Z",
  "lastChangedBy": "b672336b-41ef-428d-ae4a-e0c082875377",
  "loaded": false,
  "valueBase64": "eyAiYSI6IFt7ICJiIjogeyAiYyI6IDMgfSB9XSB9",
}
`;

exports[`VariablesApi setVariableDescription() 1: Set existing variable's description: esv-frodo-test-variable2 - success 1`] = `""`;

exports[`VariablesApi setVariableDescription() 2: Set non-existing variable's description: esv-does-not-exist - error 1`] = `
{
  "code": 404,
  "message": "The variable does not exist",
}
`;
